// Vitest Snapshot v1, https://vitest.dev/guide/snapshot.html

exports[`Components > ITable > should render correctly 1`] = `
"<div class="table-wrapper -light -responsive">
  <table class="table">
    <!-- @slot default Slot for table rows and data -->
  </table>
</div>"
`;
