// Vitest Snapshot v1, https://vitest.dev/guide/snapshot.html

exports[`Components > IInput > should render correctly 1`] = `
"<div class="input-wrapper -light -md">
  <!--v-if-->
  <div class="input">
    <!--v-if-->
    <!--v-if--><input name="input" type="text" tabindex="0" aria-disabled="false" aria-readonly="false">
    <!--v-if-->
  </div>
  <!--v-if-->
</div>"
`;
